命令稿啟動於 2018年03月 9日 下午 05:23:15
]0;~
[32mGP62M@MSI [33m~[0m
$ whoami; pwd
GP62M
/home/GP62M
]0;~
[32mGP62M@MSI [33m~[0m
$  git config -l
]0;~
[32mGP62M@MSI [33m~[0m
$  git config -l[C[1P
]0;~
[32mGP62M@MSI [33m~[0m
$ git config --global user.eail ""t"u"n"g"m"e"n"c"h"a"n"g"@"g"m"a"i"l"."c"o"m"
]0;~
[32mGP62M@MSI [33m~[0m
$ git congig[K[K[Kfig --global user.email ""t"u"n"g"m"n"[1P"e"n"c"h"a"n"g"
]0;~
[32mGP62M@MSI [33m~[0m
$ git config -l
user.eail=tungmenchang@gmail.com
user.email=tungmenchang
]0;~
[32mGP62M@MSI [33m~[0m
$  git clone https://github.com/<your github account>/lab1.git[1P
bash: your: No such file or directory
]0;~
[32mGP62M@MSI [33m~[0m
$ @MSI ~

GP62M@MSI ~
$ git config --global user.eail "tungmenchang@gmail.com"

GP62M@MSI ~
$ git config --global user.email "tungmenchang"

GP62M@MSI ~
$ git config -l
user.eail=tungmenchang@gmail.com
user.email=tungmenchang

bash: @MSI：命令找不到
]0;~
[32mGP62M@MSI [33m~[0m
$ $ git config -l
bash: $：命令找不到
]0;~
[32mGP62M@MSI [33m~[0m
$ 
]0;~
[32mGP62M@MSI [33m~[0m
$ GP62M@MSI ~
bash: GP62M@MSI：命令找不到
]0;~
[32mGP62M@MSI [33m~[0m
$ $ git config --global user.eail "tungmenchang@gmail.com"
bash: $：命令找不到
]0;~
[32mGP62M@MSI [33m~[0m
$ 
]0;~
[32mGP62M@MSI [33m~[0m
$ GP62M@MSI ~
bash: GP62M@MSI：命令找不到
]0;~
[32mGP62M@MSI [33m~[0m
$ $ git config --global user.email "tungmenchang"
bash: $：命令找不到
]0;~
[32mGP62M@MSI [33m~[0m
$ 
]0;~
[32mGP62M@MSI [33m~[0m
$ GP62M@MSI ~
bash: GP62M@MSI：命令找不到
]0;~
[32mGP62M@MSI [33m~[0m
$ $ git config -l
bash: $：命令找不到
]0;~
[32mGP62M@MSI [33m~[0m
$ user.eail=tungmenchang@gmail.com
bash: user.eail=tungmenchang@gmail.com：命令找不到
]0;~
[32mGP62M@MSI [33m~[0m
$ user.email=tungmenchang
bash: user.email=tungmenchang：命令找不到
]0;~
[32mGP62M@MSI [33m~[0m
$ 
]0;~
[32mGP62M@MSI [33m~[0m
$  git clone https://github.com/<your github account>/lab1.git[C[1P
bash: your: No such file or directory
]0;~
[32mGP62M@MSI [33m~[0m
$ <your github account><your github account>
bash: 未預期的字組「<」附近有語法錯誤
]0;~
[32mGP62M@MSI [33m~[0m
$ <your github account>
bash: 未預期的字組「newline」附近有語法錯誤
]0;~
[32mGP62M@MSI [33m~[0m
$ git clone https://github.com/<your github account>/lab1.git[1P>/lab1.git[1P>/lab1.git[1P>/lab1.git[1P>/lab1.git[1P>/lab1.git[1P>/lab1.git[1P>/lab1.git[1P>/lab1.git[1P>/lab1.git[1P>/lab1.git[1P>/lab1.git[1P>/lab1.git[1P>/lab1.git[1P>/lab1.git[1P>/lab1.git[1P>/lab1.git[1P>/lab1.git[1P>/lab1.git[1P>/lab1.git[1P>/lab1.git<>/lab1.gitt>/lab1.gitu>/lab1.gitn>/lab1.gitg>/lab1.gitm>/lab1.gite>/lab1.gitn>/lab1.gitc>/lab1.gith>/lab1.gita>/lab1.gitn>/lab1.gitg>/lab1.git
bash: tungmenchang: No such file or directory
]0;~
[32mGP62M@MSI [33m~[0m
$ git clone https://github.com/tungmenchang/lab1.git
Cloning into 'lab1'...
remote: Counting objects: 3, done.[K
remote: Total 3 (delta 0), reused 0 (delta 0), pack-reused 0[K
Unpacking objects:  33% (1/3)   Unpacking objects:  66% (2/3)   Unpacking objects: 100% (3/3)   Unpacking objects: 100% (3/3), done.
]0;~
[32mGP62M@MSI [33m~[0m
$ ls
lab1  lab1.script
]0;~
[32mGP62M@MSI [33m~[0m
$ exit

命令稿已於 2018年03月 9日 下午 05:32:27
 完成